mvn : WARNING: A restricted method 
in java.lang.System has been called
At line:1 char:84
+ ... per\dists\apache-maven-3.9.6\bi
n;$env:PATH"; mvn compile 2>&1 | 
Tee-O ...
+                                    
              ~~~~~~~~~~~~~~~~
    + CategoryInfo          : NotSpe 
   cified: (WARNING: A rest...has b  
  een called:String) [], RemoteExc   
 eption
    + FullyQualifiedErrorId : Native 
   CommandError
 
WARNING: java.lang.System::load has 
been called by org.fusesource.jansi.i
nternal.JansiLoader in an unnamed 
module (file:/C:/Users/baigs/.m2/wrap
per/dists/apache-maven-3.9.6/lib/jans
i-2.4.0.jar)
WARNING: Use 
--enable-native-access=ALL-UNNAMED 
to avoid a warning for callers in 
this module
WARNING: Restricted methods will be 
blocked in a future release unless 
native access is enabled

WARNING: A terminally deprecated 
method in sun.misc.Unsafe has been 
called
WARNING: 
sun.misc.Unsafe::objectFieldOffset 
has been called by com.google.common.
util.concurrent.AbstractFuture$Unsafe
AtomicHelper (file:/C:/Users/baigs/.m
2/wrapper/dists/apache-maven-3.9.6/li
b/guava-32.0.1-jre.jar)
WARNING: Please consider reporting 
this to the maintainers of class com.
google.common.util.concurrent.Abstrac
tFuture$UnsafeAtomicHelper
WARNING: 
sun.misc.Unsafe::objectFieldOffset 
will be removed in a future release
[INFO] Scanning for projects...
[INFO] 
[INFO] ------------------< com.opensuite:opensuite-backend >-------------------
[INFO] Building OpenSuite Backend 1.0.0
[INFO]   from pom.xml
[INFO] --------------------------------[ jar ]---------------------------------
[INFO] 
[INFO] --- resources:3.3.1:resources (default-resources) @ opensuite-backend ---
[INFO] Copying 2 resources from src\main\resources to target\classes
[INFO] Copying 0 resource from src\main\resources to target\classes
[INFO] 
[INFO] --- compiler:3.13.0:compile (default-compile) @ opensuite-backend ---
[INFO] Recompiling the module because of changed source code.
[INFO] Compiling 36 source files with javac [debug parameters release 25] to target\classes
[INFO] /C:/Users/baigs/.gemini/antigravity/scratch/opensuite/backend/src/main/java/com/opensuite/config/RateLimitFilter.java: C:\Users\baigs\.gemini\antigravity\scratch\opensuite\backend\src\main\java\com\opensuite\config\RateLimitFilter.java uses or overrides a deprecated API.
[INFO] /C:/Users/baigs/.gemini/antigravity/scratch/opensuite/backend/src/main/java/com/opensuite/config/RateLimitFilter.java: Recompile with -Xlint:deprecation for details.
[INFO] Some messages have been simplified; recompile with -Xdiags:verbose to get full output
[INFO] -------------------------------------------------------------
[ERROR] COMPILATION ERROR : 
[INFO] -------------------------------------------------------------
[ERROR] /C:/Users/baigs/.gemini/antigravity/scratch/opensuite/backend/src/main/java/com/opensuite/controller/BatchController.java:[41,44] incompatible types: java.util.UUID cannot be converted to java.lang.String
[ERROR] /C:/Users/baigs/.gemini/antigravity/scratch/opensuite/backend/src/main/java/com/opensuite/controller/BatchController.java:[43,61] cannot find symbol
  symbol:   method builder()
  location: class com.opensuite.dto.UploadResponse
[ERROR] /C:/Users/baigs/.gemini/antigravity/scratch/opensuite/backend/src/main/java/com/opensuite/service/FileUploadService.java:[84,22] cannot find symbol
  symbol:   method builder()
  location: class com.opensuite.model.Job
[ERROR] /C:/Users/baigs/.gemini/antigravity/scratch/opensuite/backend/src/main/java/com/opensuite/service/FileUploadService.java:[124,22] cannot find symbol
  symbol:   method builder()
  location: class com.opensuite.model.Job
[ERROR] /C:/Users/baigs/.gemini/antigravity/scratch/opensuite/backend/src/main/java/com/opensuite/service/JobService.java:[38,26] cannot find symbol
  symbol:   class JobStatusResponseBuilder
  location: class com.opensuite.dto.JobStatusResponse
[ERROR] /C:/Users/baigs/.gemini/antigravity/scratch/opensuite/backend/src/main/java/com/opensuite/service/JobService.java:[38,80] cannot find symbol
  symbol:   method builder()
  location: class com.opensuite.dto.JobStatusResponse
[ERROR] /C:/Users/baigs/.gemini/antigravity/scratch/opensuite/backend/src/main/java/com/opensuite/service/JobService.java:[91,44] cannot find symbol
  symbol:   method builder()
  location: class com.opensuite.model.DownloadToken
[ERROR] /C:/Users/baigs/.gemini/antigravity/scratch/opensuite/backend/src/main/java/com/opensuite/service/JobService.java:[105,18] cannot find symbol
  symbol:   method isExpired()
  location: variable token of type com.opensuite.model.DownloadToken
[ERROR] /C:/Users/baigs/.gemini/antigravity/scratch/opensuite/backend/src/main/java/com/opensuite/service/JobService.java:[117,37] incompatible types: java.util.UUID cannot be converted to java.lang.String
[ERROR] /C:/Users/baigs/.gemini/antigravity/scratch/opensuite/backend/src/main/java/com/opensuite/service/ConversionService.java:[73,45] incompatible types: java.util.UUID cannot be converted to java.lang.String
[ERROR] /C:/Users/baigs/.gemini/antigravity/scratch/opensuite/backend/src/main/java/com/opensuite/service/ConversionService.java:[89,45] incompatible types: java.util.UUID cannot be converted to java.lang.String
[ERROR] /C:/Users/baigs/.gemini/antigravity/scratch/opensuite/backend/src/main/java/com/opensuite/service/ConversionService.java:[119,45] incompatible types: java.util.UUID cannot be converted to java.lang.String
[ERROR] /C:/Users/baigs/.gemini/antigravity/scratch/opensuite/backend/src/main/java/com/opensuite/controller/ConversionController.java:[37,54] incompatible types: java.util.UUID cannot be converted to java.lang.String
[ERROR] /C:/Users/baigs/.gemini/antigravity/scratch/opensuite/backend/src/main/java/com/opensuite/controller/ConversionController.java:[39,61] cannot find symbol
  symbol:   method builder()
  location: class com.opensuite.dto.UploadResponse
[ERROR] /C:/Users/baigs/.gemini/antigravity/scratch/opensuite/backend/src/main/java/com/opensuite/controller/EditController.java:[52,45] incompatible types: java.util.UUID cannot be converted to java.lang.String
[ERROR] /C:/Users/baigs/.gemini/antigravity/scratch/opensuite/backend/src/main/java/com/opensuite/controller/EditController.java:[54,61] cannot find symbol
  symbol:   method builder()
  location: class com.opensuite.dto.UploadResponse
[ERROR] /C:/Users/baigs/.gemini/antigravity/scratch/opensuite/backend/src/main/java/com/opensuite/controller/EditController.java:[65,45] incompatible types: java.util.UUID cannot be converted to java.lang.String
[ERROR] /C:/Users/baigs/.gemini/antigravity/scratch/opensuite/backend/src/main/java/com/opensuite/controller/EditController.java:[67,61] cannot find symbol
  symbol:   method builder()
  location: class com.opensuite.dto.UploadResponse
[ERROR] /C:/Users/baigs/.gemini/antigravity/scratch/opensuite/backend/src/main/java/com/opensuite/controller/FileController.java:[41,48] cannot find symbol
  symbol:   method builder()
  location: class com.opensuite.dto.UploadResponse
[ERROR] /C:/Users/baigs/.gemini/antigravity/scratch/opensuite/backend/src/main/java/com/opensuite/controller/SecurityController.java:[44,56] incompatible types: java.util.UUID cannot be converted to java.lang.String
[ERROR] /C:/Users/baigs/.gemini/antigravity/scratch/opensuite/backend/src/main/java/com/opensuite/controller/SecurityController.java:[46,61] cannot find symbol
  symbol:   method builder()
  location: class com.opensuite.dto.UploadResponse
[ERROR] /C:/Users/baigs/.gemini/antigravity/scratch/opensuite/backend/src/main/java/com/opensuite/exception/GlobalExceptionHandler.java:[62,44] cannot find symbol
  symbol:   method builder()
  location: class com.opensuite.dto.ErrorResponse
[INFO] 22 errors 
[INFO] -------------------------------------------------------------
[INFO] ------------------------------------------------------------------------
[INFO] BUILD FAILURE
[INFO] ------------------------------------------------------------------------
[INFO] Total time:  4.391 s
[INFO] Finished at: 2026-02-15T10:20:26+05:30
[INFO] ------------------------------------------------------------------------
[ERROR] Failed to execute goal org.apache.maven.plugins:maven-compiler-plugin:3.13.0:compile (default-compile) on project opensuite-backend: Compilation failure: Compilation failure: 
[ERROR] /C:/Users/baigs/.gemini/antigravity/scratch/opensuite/backend/src/main/java/com/opensuite/controller/BatchController.java:[41,44] incompatible types: java.util.UUID cannot be converted to java.lang.String
[ERROR] /C:/Users/baigs/.gemini/antigravity/scratch/opensuite/backend/src/main/java/com/opensuite/controller/BatchController.java:[43,61] cannot find symbol
[ERROR]   symbol:   method builder()
[ERROR]   location: class com.opensuite.dto.UploadResponse
[ERROR] /C:/Users/baigs/.gemini/antigravity/scratch/opensuite/backend/src/main/java/com/opensuite/service/FileUploadService.java:[84,22] cannot find symbol
[ERROR]   symbol:   method builder()
[ERROR]   location: class com.opensuite.model.Job
[ERROR] /C:/Users/baigs/.gemini/antigravity/scratch/opensuite/backend/src/main/java/com/opensuite/service/FileUploadService.java:[124,22] cannot find symbol
[ERROR]   symbol:   method builder()
[ERROR]   location: class com.opensuite.model.Job
[ERROR] /C:/Users/baigs/.gemini/antigravity/scratch/opensuite/backend/src/main/java/com/opensuite/service/JobService.java:[38,26] cannot find symbol
[ERROR]   symbol:   class JobStatusResponseBuilder
[ERROR]   location: class com.opensuite.dto.JobStatusResponse
[ERROR] /C:/Users/baigs/.gemini/antigravity/scratch/opensuite/backend/src/main/java/com/opensuite/service/JobService.java:[38,80] cannot find symbol
[ERROR]   symbol:   method builder()
[ERROR]   location: class com.opensuite.dto.JobStatusResponse
[ERROR] /C:/Users/baigs/.gemini/antigravity/scratch/opensuite/backend/src/main/java/com/opensuite/service/JobService.java:[91,44] cannot find symbol
[ERROR]   symbol:   method builder()
[ERROR]   location: class com.opensuite.model.DownloadToken
[ERROR] /C:/Users/baigs/.gemini/antigravity/scratch/opensuite/backend/src/main/java/com/opensuite/service/JobService.java:[105,18] cannot find symbol
[ERROR]   symbol:   method isExpired()
[ERROR]   location: variable token of type com.opensuite.model.DownloadToken
[ERROR] /C:/Users/baigs/.gemini/antigravity/scratch/opensuite/backend/src/main/java/com/opensuite/service/JobService.java:[117,37] incompatible types: java.util.UUID cannot be converted to java.lang.String
[ERROR] /C:/Users/baigs/.gemini/antigravity/scratch/opensuite/backend/src/main/java/com/opensuite/service/ConversionService.java:[73,45] incompatible types: java.util.UUID cannot be converted to java.lang.String
[ERROR] /C:/Users/baigs/.gemini/antigravity/scratch/opensuite/backend/src/main/java/com/opensuite/service/ConversionService.java:[89,45] incompatible types: java.util.UUID cannot be converted to java.lang.String
[ERROR] /C:/Users/baigs/.gemini/antigravity/scratch/opensuite/backend/src/main/java/com/opensuite/service/ConversionService.java:[119,45] incompatible types: java.util.UUID cannot be converted to java.lang.String
[ERROR] /C:/Users/baigs/.gemini/antigravity/scratch/opensuite/backend/src/main/java/com/opensuite/controller/ConversionController.java:[37,54] incompatible types: java.util.UUID cannot be converted to java.lang.String
[ERROR] /C:/Users/baigs/.gemini/antigravity/scratch/opensuite/backend/src/main/java/com/opensuite/controller/ConversionController.java:[39,61] cannot find symbol
[ERROR]   symbol:   method builder()
[ERROR]   location: class com.opensuite.dto.UploadResponse
[ERROR] /C:/Users/baigs/.gemini/antigravity/scratch/opensuite/backend/src/main/java/com/opensuite/controller/EditController.java:[52,45] incompatible types: java.util.UUID cannot be converted to java.lang.String
[ERROR] /C:/Users/baigs/.gemini/antigravity/scratch/opensuite/backend/src/main/java/com/opensuite/controller/EditController.java:[54,61] cannot find symbol
[ERROR]   symbol:   method builder()
[ERROR]   location: class com.opensuite.dto.UploadResponse
[ERROR] /C:/Users/baigs/.gemini/antigravity/scratch/opensuite/backend/src/main/java/com/opensuite/controller/EditController.java:[65,45] incompatible types: java.util.UUID cannot be converted to java.lang.String
[ERROR] /C:/Users/baigs/.gemini/antigravity/scratch/opensuite/backend/src/main/java/com/opensuite/controller/EditController.java:[67,61] cannot find symbol
[ERROR]   symbol:   method builder()
[ERROR]   location: class com.opensuite.dto.UploadResponse
[ERROR] /C:/Users/baigs/.gemini/antigravity/scratch/opensuite/backend/src/main/java/com/opensuite/controller/FileController.java:[41,48] cannot find symbol
[ERROR]   symbol:   method builder()
[ERROR]   location: class com.opensuite.dto.UploadResponse
[ERROR] /C:/Users/baigs/.gemini/antigravity/scratch/opensuite/backend/src/main/java/com/opensuite/controller/SecurityController.java:[44,56] incompatible types: java.util.UUID cannot be converted to java.lang.String
[ERROR] /C:/Users/baigs/.gemini/antigravity/scratch/opensuite/backend/src/main/java/com/opensuite/controller/SecurityController.java:[46,61] cannot find symbol
[ERROR]   symbol:   method builder()
[ERROR]   location: class com.opensuite.dto.UploadResponse
[ERROR] /C:/Users/baigs/.gemini/antigravity/scratch/opensuite/backend/src/main/java/com/opensuite/exception/GlobalExceptionHandler.java:[62,44] cannot find symbol
[ERROR]   symbol:   method builder()
[ERROR]   location: class com.opensuite.dto.ErrorResponse
[ERROR] -> [Help 1]
[ERROR] 
[ERROR] To see the full stack trace of the errors, re-run Maven with the -e switch.
[ERROR] Re-run Maven using the -X switch to enable full debug logging.
[ERROR] 
[ERROR] For more information about the errors and possible solutions, please read the following articles:
[ERROR] [Help 1] http://cwiki.apache.org/confluence/display/MAVEN/MojoFailureException
